
     Program BANDS v.7.0 starts on 27Oct2023 at 15:53:27 

     This program is part of the open-source Quantum ESPRESSO suite
     for quantum simulation of materials; please cite
         "P. Giannozzi et al., J. Phys.:Condens. Matter 21 395502 (2009);
         "P. Giannozzi et al., J. Phys.:Condens. Matter 29 465901 (2017);
         "P. Giannozzi et al., J. Chem. Phys. 152 154105 (2020);
          URL http://www.quantum-espresso.org", 
     in publications or presentations arising from this work. More details at
     http://www.quantum-espresso.org/quote

     Parallel version (MPI), running on     1 processors

     MPI processes distributed on     1 nodes
     13238 MiB available memory on the printing compute node when the environment starts
 

     Reading xml data from directory:

     ./tmp/fe.save/
     file Fe.pbe-spn-kjpaw_psl.0.2.1.UPF: wavefunction(s)  3D renormalized

     IMPORTANT: XC functional enforced from input :
     Exchange-correlation= PBE
                           (   1   4   3   4   0   0   0)
     Any further DFT definition will be discarded
     Please, verify this is what you really want

 
     G-vector sticks info
     --------------------
     sticks:   dense  smooth     PW     G-vecs:    dense   smooth      PW
     Sum         333     169     63                 3805     1409     321
 
     Using Slab Decomposition
 

     Check: negative core charge=   -0.000936

     negative rho (up, down):  0.000E+00 4.411E-04
     Reading collected, re-writing distributed wavefunctions
     high-symmetry point:  0.0000 0.0000 0.1250   x coordinate   0.0000
     high-symmetry point:  0.0000-0.3750 0.5000   x coordinate   0.5303
     high-symmetry point: -0.1250 0.1250 0.1250   x coordinate   1.1677
     high-symmetry point: -0.1250-0.2500 0.5000   x coordinate   1.6980
     high-symmetry point: -0.1250 0.6250-0.3750   x coordinate   1.6980
     high-symmetry point: -0.2500 0.2500 0.1250   x coordinate   2.3354
     high-symmetry point: -0.2500 0.7500-0.3750   x coordinate   3.0425
     high-symmetry point: -0.3750 0.3750 0.1250   x coordinate   3.6799
     high-symmetry point: -0.3750 0.2500 0.2500   x coordinate   3.8567
     high-symmetry point:  0.5000-0.5000 0.1250   x coordinate   3.8567
     high-symmetry point:  0.5000-0.6250 0.2500   x coordinate   4.0335
     high-symmetry point:  0.3750-0.6250 0.3750   x coordinate   4.2102
     high-symmetry point:  0.0000 0.0000 0.3750   x coordinate   4.9391
     high-symmetry point:  0.0000-0.2500 0.6250   x coordinate   5.2927
     high-symmetry point: -0.1250-0.1250 0.6250   x coordinate   5.4694
     high-symmetry point: -0.1250 0.7500-0.2500   x coordinate   5.4694
     high-symmetry point:  0.6250-0.6250 0.3750   x coordinate   5.4694
     high-symmetry point:  0.5000-0.5000 0.3750   x coordinate   5.6462
     high-symmetry point:  0.0000 0.0000 0.6250   x coordinate   6.3962
     high-symmetry point:  0.0000-0.1250 0.7500   x coordinate   6.5730
     high-symmetry point: -0.1250 0.8750-0.1250   x coordinate   6.5730
     high-symmetry point:  0.0000 0.0000 0.8750   x coordinate   6.5730

     Plottable bands (eV) written to file fe_bands_up.dat.gnu
     Bands written to file fe_bands_up.dat

 **************************************************************************

                    xk=(   0.00000,   0.00000,   0.12500  )

     point group C_4v (4mm) 
     there are  5 classes
     the character table:

       E     2C4   C2    2s_v  2s_d 
A_1    1.00  1.00  1.00  1.00  1.00
A_2    1.00  1.00  1.00 -1.00 -1.00
B_1    1.00 -1.00  1.00  1.00 -1.00
B_2    1.00 -1.00  1.00 -1.00  1.00
E      2.00  0.00 -2.00  0.00  0.00

     the symmetry operations in each class and the name of the first element:

     E        1
                                                                 
     2C4      3    4
                                                                 
     C2       2
                                                                 
     2s_v     5    6
                                                                 
     2s_d     7    8
                                                                 

     Band symmetry, C_4v (4mm)  point group:

     e(  1 -  1) =    -70.54752  eV     1   --> A_1  G_1 D_1   
     e(  2 -  3) =    -35.63221  eV     2   --> E    G_5 D_5   
     e(  4 -  4) =    -35.52392  eV     1   --> A_1  G_1 D_1   
     e(  5 -  5) =     10.34211  eV     1   --> A_1  G_1 D_1   
     e(  6 -  7) =     15.33287  eV     2   --> E    G_5 D_5   
     e(  8 -  8) =     15.40277  eV     1   --> B_2  G_4 D_2'  
     e(  9 -  9) =     16.16079  eV     1   --> B_1  G_3 D_2   
     e( 10 - 10) =     16.35586  eV     1   --> A_1  G_1 D_1   
     e( 11 - 11) =     40.26531  eV     1   --> B_1  G_3 D_2   
     e( 12 - 12) =     41.74322  eV     1   -->   ?

 **************************************************************************

 **************************************************************************

                    xk=(   0.00000,  -0.12500,   0.25000  )

     point group C_s (m)    
     there are  2 classes
     the character table:

       E     s    
A'     1.00  1.00
A''    1.00 -1.00

     the symmetry operations in each class and the name of the first element:

     E        1
                                                                 
     s        2
                                                                 

     Band symmetry, C_s (m)     point group:

     e(  1 -  1) =    -70.53159  eV     1   --> A'             
     e(  2 -  2) =    -35.72758  eV     1   --> A'             
     e(  3 -  3) =    -35.61451  eV     1   --> A'             
     e(  4 -  4) =    -35.59886  eV     1   --> A''            
     e(  5 -  5) =     11.69016  eV     1   --> A'             
     e(  6 -  6) =     15.07549  eV     1   --> A''            
     e(  7 -  7) =     15.29195  eV     1   --> A'             
     e(  8 -  8) =     15.98025  eV     1   --> A'             
     e(  9 -  9) =     16.01479  eV     1   --> A''            
     e( 10 - 10) =     16.44926  eV     1   --> A'             
     e( 11 - 11) =     36.66120  eV     1   --> A'             
     e( 12 - 12) =     40.00150  eV     1   --> A'             

 **************************************************************************

 **************************************************************************

                    xk=(   0.00000,  -0.25000,   0.37500  )

     Band symmetry, C_s (m)     point group:

     e(  1 -  1) =    -70.51119  eV     1   --> A'             
     e(  2 -  2) =    -35.89680  eV     1   --> A'             
     e(  3 -  3) =    -35.66459  eV     1   --> A''            
     e(  4 -  4) =    -35.62765  eV     1   --> A'             
     e(  5 -  5) =     13.03886  eV     1   --> A'             
     e(  6 -  6) =     14.69706  eV     1   --> A''            
     e(  7 -  7) =     15.62327  eV     1   --> A'             
     e(  8 -  8) =     16.32415  eV     1   --> A'             
     e(  9 -  9) =     16.93735  eV     1   --> A'             
     e( 10 - 10) =     16.96974  eV     1   --> A''            
     e( 11 - 11) =     31.71100  eV     1   --> A'             
     e( 12 - 12) =     37.96475  eV     1   --> A'             

 **************************************************************************

 **************************************************************************

                    xk=(   0.00000,  -0.37500,   0.50000  )

     Band symmetry, C_s (m)     point group:

     e(  1 -  1) =    -70.48148  eV     1   --> A'             
     e(  2 -  2) =    -35.92485  eV     1   --> A'             
     e(  3 -  3) =    -35.74376  eV     1   --> A''            
     e(  4 -  4) =    -35.63223  eV     1   --> A'             
     e(  5 -  5) =     13.04327  eV     1   --> A'             
     e(  6 -  6) =     14.44323  eV     1   --> A''            
     e(  7 -  7) =     16.10167  eV     1   --> A'             
     e(  8 -  8) =     16.38753  eV     1   --> A'             
     e(  9 -  9) =     17.71021  eV     1   --> A''            
     e( 10 - 10) =     20.12125  eV     1   --> A'             
     e( 11 - 11) =     26.67686  eV     1   --> A'             
     e( 12 - 12) =     36.77783  eV     1   --> A'             

 **************************************************************************

 **************************************************************************

                    xk=(  -0.12500,   0.12500,   0.12500  )

     point group C_3v (3m)  
     there are  3 classes
     the character table:

       E     2C3   3s_v 
A_1    1.00  1.00  1.00
A_2    1.00  1.00 -1.00
E      2.00 -1.00  0.00

     the symmetry operations in each class and the name of the first element:

     E        1
                                                                 
     2C3      2    3
                                                                 
     3s_v     4    5    6
                                                                 

     Band symmetry, C_3v (3m)   point group:

     e(  1 -  1) =    -70.55657  eV     1   --> A_1  L_1       
     e(  2 -  2) =    -35.69280  eV     1   --> A_1  L_1       
     e(  3 -  4) =    -35.62481  eV     2   --> E    L_3       
     e(  5 -  5) =     11.04702  eV     1   --> A_1  L_1       
     e(  6 -  7) =     15.13292  eV     2   --> E    L_3       
     e(  8 -  8) =     15.92763  eV     1   --> A_1  L_1       
     e(  9 - 10) =     16.23855  eV     2   --> E    L_3       
     e( 11 - 12) =     38.82865  eV     2   --> E    L_3       

 **************************************************************************

 **************************************************************************

                    xk=(  -0.12500,  -0.12500,   0.37500  )

     point group C_s (m)    
     there are  2 classes
     the character table:

       E     s    
A'     1.00  1.00
A''    1.00 -1.00

     the symmetry operations in each class and the name of the first element:

     E        1
                                                                 
     s        2
                                                                 

     Band symmetry, C_s (m)     point group:

     e(  1 -  1) =    -70.50585  eV     1   --> A'             
     e(  2 -  2) =    -35.80754  eV     1   --> A'             
     e(  3 -  3) =    -35.69304  eV     1   --> A''            
     e(  4 -  4) =    -35.60199  eV     1   --> A'             
     e(  5 -  5) =     13.11757  eV     1   --> A'             
     e(  6 -  6) =     14.84168  eV     1   --> A''            
     e(  7 -  7) =     15.17450  eV     1   --> A'             
     e(  8 -  8) =     15.92760  eV     1   --> A''            
     e(  9 -  9) =     16.60013  eV     1   --> A'             
     e( 10 - 10) =     17.14977  eV     1   --> A'             
     e( 11 - 11) =     34.18088  eV     1   --> A''            
     e( 12 - 12) =     36.09442  eV     1   --> A'             

 **************************************************************************

 **************************************************************************

                    xk=(  -0.12500,  -0.25000,   0.50000  )

     point group C_1 (1)    
     there are  1 classes
     the character table:

       E    
A      1.00

     the symmetry operations in each class and the name of the first element:

     E        1
                                                                 

     Band symmetry, C_1 (1)     point group:

     e(  1 -  1) =    -70.49887  eV     1   --> A              
     e(  2 -  2) =    -35.97487  eV     1   --> A              
     e(  3 -  3) =    -35.71513  eV     1   --> A              
     e(  4 -  4) =    -35.66335  eV     1   --> A              
     e(  5 -  5) =     13.59825  eV     1   --> A              
     e(  6 -  6) =     14.60948  eV     1   --> A              
     e(  7 -  7) =     15.36596  eV     1   --> A              
     e(  8 -  8) =     16.25495  eV     1   --> A              
     e(  9 -  9) =     17.06427  eV     1   --> A              
     e( 10 - 10) =     19.57435  eV     1   --> A              
     e( 11 - 11) =     29.68365  eV     1   --> A              
     e( 12 - 12) =     33.75283  eV     1   --> A              

 **************************************************************************

 **************************************************************************

                    xk=(  -0.12500,   0.62500,  -0.37500  )

     point group C_s (m)    
     there are  2 classes
     the character table:

       E     s    
A'     1.00  1.00
A''    1.00 -1.00

     the symmetry operations in each class and the name of the first element:

     E        1
                                                                 
     s        2
                                                                 

     Band symmetry, C_s (m)     point group:

     e(  1 -  1) =    -70.48738  eV     1   --> A'             
     e(  2 -  2) =    -35.94283  eV     1   --> A''            
     e(  3 -  3) =    -35.79958  eV     1   --> A'             
     e(  4 -  4) =    -35.67898  eV     1   --> A'             
     e(  5 -  5) =     13.45089  eV     1   --> A'             
     e(  6 -  6) =     14.59893  eV     1   --> A'             
     e(  7 -  7) =     15.48359  eV     1   --> A''            
     e(  8 -  8) =     16.32362  eV     1   --> A'             
     e(  9 -  9) =     17.45624  eV     1   --> A''            
     e( 10 - 10) =     22.80809  eV     1   --> A''            
     e( 11 - 11) =     25.62471  eV     1   --> A'             
     e( 12 - 12) =     33.15233  eV     1   --> A'             

 **************************************************************************

 **************************************************************************

                    xk=(  -0.25000,   0.25000,   0.12500  )

     Band symmetry, C_s (m)     point group:

     e(  1 -  1) =    -70.51508  eV     1   --> A'             
     e(  2 -  2) =    -35.81107  eV     1   --> A'             
     e(  3 -  3) =    -35.63011  eV     1   --> A'             
     e(  4 -  4) =    -35.59926  eV     1   --> A''            
     e(  5 -  5) =     12.71458  eV     1   --> A'             
     e(  6 -  6) =     14.74960  eV     1   --> A''            
     e(  7 -  7) =     15.06253  eV     1   --> A'             
     e(  8 -  8) =     16.22097  eV     1   --> A'             
     e(  9 -  9) =     16.35501  eV     1   --> A''            
     e( 10 - 10) =     17.00274  eV     1   --> A'             
     e( 11 - 11) =     34.38022  eV     1   --> A'             
     e( 12 - 12) =     37.06150  eV     1   --> A''            

 **************************************************************************

 **************************************************************************

                    xk=(  -0.25000,   0.75000,  -0.37500  )

     Band symmetry, C_s (m)     point group:

     e(  1 -  1) =    -70.46352  eV     1   --> A'             
     e(  2 -  2) =    -35.86305  eV     1   --> A'             
     e(  3 -  3) =    -35.80153  eV     1   --> A''            
     e(  4 -  4) =    -35.67390  eV     1   --> A'             
     e(  5 -  5) =     14.14816  eV     1   --> A'             
     e(  6 -  6) =     14.38748  eV     1   --> A''            
     e(  7 -  7) =     14.98066  eV     1   --> A'             
     e(  8 -  8) =     16.57413  eV     1   --> A''            
     e(  9 -  9) =     17.04720  eV     1   --> A'             
     e( 10 - 10) =     23.56535  eV     1   --> A'             
     e( 11 - 11) =     28.13181  eV     1   --> A''            
     e( 12 - 12) =     29.00340  eV     1   --> A'             

 **************************************************************************

 **************************************************************************

                    xk=(  -0.37500,   0.37500,   0.12500  )

     Band symmetry, C_s (m)     point group:

     e(  1 -  1) =    -70.50842  eV     1   --> A'             
     e(  2 -  2) =    -35.98011  eV     1   --> A'             
     e(  3 -  3) =    -35.71563  eV     1   --> A'             
     e(  4 -  4) =    -35.62649  eV     1   --> A''            
     e(  5 -  5) =     13.26832  eV     1   --> A'             
     e(  6 -  6) =     14.42329  eV     1   --> A''            
     e(  7 -  7) =     16.27382  eV     1   --> A'             
     e(  8 -  8) =     16.43362  eV     1   --> A''            
     e(  9 -  9) =     16.50695  eV     1   --> A'             
     e( 10 - 10) =     18.92595  eV     1   --> A'             
     e( 11 - 11) =     29.19379  eV     1   --> A'             
     e( 12 - 12) =     35.72313  eV     1   --> A''            

 **************************************************************************

 **************************************************************************

                    xk=(  -0.37500,   0.25000,   0.25000  )

     Band symmetry, C_s (m)     point group:

     e(  1 -  1) =    -70.51416  eV     1   --> A'             
     e(  2 -  2) =    -35.96496  eV     1   --> A'             
     e(  3 -  3) =    -35.68988  eV     1   --> A''            
     e(  4 -  4) =    -35.65198  eV     1   --> A'             
     e(  5 -  5) =     13.87972  eV     1   --> A'             
     e(  6 -  6) =     14.53911  eV     1   --> A''            
     e(  7 -  7) =     14.99173  eV     1   --> A'             
     e(  8 -  8) =     16.30749  eV     1   --> A''            
     e(  9 -  9) =     16.49161  eV     1   --> A'             
     e( 10 - 10) =     18.94852  eV     1   --> A'             
     e( 11 - 11) =     32.10770  eV     1   --> A''            
     e( 12 - 12) =     33.21013  eV     1   --> A'             

 **************************************************************************

 **************************************************************************

                    xk=(   0.50000,  -0.50000,   0.12500  )

     point group C_2v (mm2) 
     there are  4 classes
     the character table:

       E     C2    s_v   s_v' 
A_1    1.00  1.00  1.00  1.00
A_2    1.00  1.00 -1.00 -1.00
B_1    1.00 -1.00  1.00 -1.00
B_2    1.00 -1.00 -1.00  1.00

     the symmetry operations in each class and the name of the first element:

     E        1
                                                                 
     C2       2
                                                                 
     s_v      3
                                                                 
     s_v'     4
                                                                 

     Band symmetry, C_2v (mm2)  point group:

     e(  1 -  1) =    -70.49552  eV     1   --> A_1  D_1  S_1  
     e(  2 -  2) =    -35.93783  eV     1   --> B_1  D_3  S_3  
     e(  3 -  3) =    -35.77004  eV     1   --> A_1  D_1  S_1  
     e(  4 -  4) =    -35.69669  eV     1   --> B_2  D_4  S_4  
     e(  5 -  5) =     13.14770  eV     1   --> A_1  D_1  S_1  
     e(  6 -  6) =     14.29877  eV     1   --> B_2  D_4  S_4  
     e(  7 -  7) =     16.43851  eV     1   --> A_1  D_1  S_1  
     e(  8 -  8) =     16.46547  eV     1   --> A_2  D_2  S_2  
     e(  9 -  9) =     17.20545  eV     1   --> B_1  D_3  S_3  
     e( 10 - 10) =     21.71757  eV     1   --> B_1  D_3  S_3  
     e( 11 - 11) =     25.40743  eV     1   --> A_1  D_1  S_1  
     e( 12 - 12) =     35.18589  eV     1   --> B_2  D_4  S_4  

 **************************************************************************

 **************************************************************************

                    xk=(   0.50000,  -0.62500,   0.25000  )

     point group C_1 (1)    
     there are  1 classes
     the character table:

       E    
A      1.00

     the symmetry operations in each class and the name of the first element:

     E        1
                                                                 

     Band symmetry, C_1 (1)     point group:

     e(  1 -  1) =    -70.48151  eV     1   --> A              
     e(  2 -  2) =    -35.90256  eV     1   --> A              
     e(  3 -  3) =    -35.74962  eV     1   --> A              
     e(  4 -  4) =    -35.67131  eV     1   --> A              
     e(  5 -  5) =     13.83237  eV     1   --> A              
     e(  6 -  6) =     14.41762  eV     1   --> A              
     e(  7 -  7) =     15.74278  eV     1   --> A              
     e(  8 -  8) =     16.45489  eV     1   --> A              
     e(  9 -  9) =     16.65719  eV     1   --> A              
     e( 10 - 10) =     22.33338  eV     1   --> A              
     e( 11 - 11) =     27.49627  eV     1   --> A              
     e( 12 - 12) =     31.69352  eV     1   --> A              

 **************************************************************************

 **************************************************************************

                    xk=(   0.37500,  -0.62500,   0.37500  )

     point group C_3v (3m)  
     there are  3 classes
     the character table:

       E     2C3   3s_v 
A_1    1.00  1.00  1.00
A_2    1.00  1.00 -1.00
E      2.00 -1.00  0.00

     the symmetry operations in each class and the name of the first element:

     E        1
                                                                 
     2C3      2    3
                                                                 
     3s_v     4    5    6
                                                                 

     Band symmetry, C_3v (3m)   point group:

     e(  1 -  1) =    -70.44646  eV     1   --> A_1  L_1       
     e(  2 -  3) =    -35.76659  eV     2   --> E    L_3       
     e(  4 -  4) =    -35.68419  eV     1   --> A_1  L_1       
     e(  5 -  5) =     14.06025  eV     1   --> A_1  L_1       
     e(  6 -  7) =     14.99823  eV     2   --> E    L_3       
     e(  8 -  9) =     16.59987  eV     2   --> E    L_3       
     e( 10 - 11) =     26.28842  eV     2   --> E    L_3       
     e( 12 - 12) =     27.88367  eV     1   --> A_1  L_1       

 **************************************************************************

 **************************************************************************

                    xk=(   0.00000,   0.00000,   0.37500  )

     point group C_4v (4mm) 
     there are  5 classes
     the character table:

       E     2C4   C2    2s_v  2s_d 
A_1    1.00  1.00  1.00  1.00  1.00
A_2    1.00  1.00  1.00 -1.00 -1.00
B_1    1.00 -1.00  1.00  1.00 -1.00
B_2    1.00 -1.00  1.00 -1.00  1.00
E      2.00  0.00 -2.00  0.00  0.00

     the symmetry operations in each class and the name of the first element:

     E        1
                                                                 
     2C4      3    4
                                                                 
     C2       2
                                                                 
     2s_v     5    6
                                                                 
     2s_d     7    8
                                                                 

     Band symmetry, C_4v (4mm)  point group:

     e(  1 -  1) =    -70.49249  eV     1   --> A_1  G_1 D_1   
     e(  2 -  2) =    -35.74459  eV     1   --> A_1  G_1 D_1   
     e(  3 -  4) =    -35.61244  eV     2   --> E    G_5 D_5   
     e(  5 -  5) =     12.82660  eV     1   --> A_1  G_1 D_1   
     e(  6 -  6) =     15.22608  eV     1   --> B_1  G_3 D_2   
     e(  7 -  8) =     15.52382  eV     2   --> E    G_5 D_5   
     e(  9 -  9) =     16.00272  eV     1   --> B_2  G_4 D_2'  
     e( 10 - 10) =     16.91339  eV     1   --> A_1  G_1 D_1   
     e( 11 - 11) =     35.91339  eV     1   --> B_1  G_3 D_2   
     e( 12 - 12) =     39.01715  eV     1   -->   ?

 **************************************************************************

 **************************************************************************

                    xk=(   0.00000,  -0.12500,   0.50000  )

     point group C_s (m)    
     there are  2 classes
     the character table:

       E     s    
A'     1.00  1.00
A''    1.00 -1.00

     the symmetry operations in each class and the name of the first element:

     E        1
                                                                 
     s        2
                                                                 

     Band symmetry, C_s (m)     point group:

     e(  1 -  1) =    -70.49307  eV     1   --> A'             
     e(  2 -  2) =    -35.88316  eV     1   --> A'             
     e(  3 -  3) =    -35.70040  eV     1   --> A'             
     e(  4 -  4) =    -35.69885  eV     1   --> A''            
     e(  5 -  5) =     13.74858  eV     1   --> A'             
     e(  6 -  6) =     14.61668  eV     1   --> A'             
     e(  7 -  7) =     15.38654  eV     1   --> A''            
     e(  8 -  8) =     15.99429  eV     1   --> A'             
     e(  9 -  9) =     16.86034  eV     1   --> A''            
     e( 10 - 10) =     18.34730  eV     1   --> A'             
     e( 11 - 11) =     32.59734  eV     1   --> A'             
     e( 12 - 12) =     36.33728  eV     1   --> A'             

 **************************************************************************

 **************************************************************************

                    xk=(   0.00000,  -0.25000,   0.62500  )

     Band symmetry, C_s (m)     point group:

     e(  1 -  1) =    -70.47978  eV     1   --> A'             
     e(  2 -  2) =    -35.94755  eV     1   --> A'             
     e(  3 -  3) =    -35.79449  eV     1   --> A''            
     e(  4 -  4) =    -35.69857  eV     1   --> A'             
     e(  5 -  5) =     13.53024  eV     1   --> A'             
     e(  6 -  6) =     14.74686  eV     1   --> A'             
     e(  7 -  7) =     15.19613  eV     1   --> A''            
     e(  8 -  8) =     16.13407  eV     1   --> A'             
     e(  9 -  9) =     17.63357  eV     1   --> A''            
     e( 10 - 10) =     21.99465  eV     1   --> A'             
     e( 11 - 11) =     27.46573  eV     1   --> A'             
     e( 12 - 12) =     35.25806  eV     1   --> A'             

 **************************************************************************

 **************************************************************************

                    xk=(  -0.12500,  -0.12500,   0.62500  )

     Band symmetry, C_s (m)     point group:

     e(  1 -  1) =    -70.47220  eV     1   --> A'             
     e(  2 -  2) =    -35.92754  eV     1   --> A'             
     e(  3 -  3) =    -35.78934  eV     1   --> A''            
     e(  4 -  4) =    -35.70506  eV     1   --> A'             
     e(  5 -  5) =     13.98960  eV     1   --> A''            
     e(  6 -  6) =     14.03407  eV     1   --> A'             
     e(  7 -  7) =     15.46127  eV     1   --> A'             
     e(  8 -  8) =     16.39832  eV     1   --> A''            
     e(  9 -  9) =     17.24641  eV     1   --> A'             
     e( 10 - 10) =     21.44460  eV     1   --> A'             
     e( 11 - 11) =     30.80855  eV     1   --> A''            
     e( 12 - 12) =     31.68543  eV     1   --> A'             

 **************************************************************************

 **************************************************************************

                    xk=(  -0.12500,   0.75000,  -0.25000  )

     Band symmetry, C_s (m)     point group:

     e(  1 -  1) =    -70.41828  eV     1   --> A'             
     e(  2 -  2) =    -35.81886  eV     1   --> A''            
     e(  3 -  3) =    -35.77514  eV     1   --> A'             
     e(  4 -  4) =    -35.65869  eV     1   --> A'             
     e(  5 -  5) =     13.73116  eV     1   --> A'             
     e(  6 -  6) =     14.17951  eV     1   --> A''            
     e(  7 -  7) =     15.28648  eV     1   --> A'             
     e(  8 -  8) =     16.68115  eV     1   --> A'             
     e(  9 -  9) =     17.49217  eV     1   --> A''            
     e( 10 - 10) =     25.42117  eV     1   --> A''            
     e( 11 - 11) =     26.69255  eV     1   --> A'             
     e( 12 - 12) =     30.75339  eV     1   --> A'             

 **************************************************************************

 **************************************************************************

                    xk=(   0.62500,  -0.62500,   0.37500  )

     point group C_3v (3m)  
     there are  3 classes
     the character table:

       E     2C3   3s_v 
A_1    1.00  1.00  1.00
A_2    1.00  1.00 -1.00
E      2.00 -1.00  0.00

     the symmetry operations in each class and the name of the first element:

     E        1
                                                                 
     2C3      2    3
                                                                 
     3s_v     4    5    6
                                                                 

     Band symmetry, C_3v (3m)   point group:

     e(  1 -  1) =    -70.47359  eV     1   --> A_1  L_1       
     e(  2 -  2) =    -35.86417  eV     1   --> A_1  L_1       
     e(  3 -  4) =    -35.69218  eV     2   --> E    L_3       
     e(  5 -  6) =     14.44880  eV     2   --> E    L_3       
     e(  7 -  7) =     15.10720  eV     1   --> A_1  L_1       
     e(  8 -  9) =     16.46883  eV     2   --> E    L_3       
     e( 10 - 10) =     22.07334  eV     1   --> A_1  L_1       
     e( 11 - 12) =     30.70724  eV     2   --> E    L_3       

 **************************************************************************

 **************************************************************************

                    xk=(   0.50000,  -0.50000,   0.37500  )

     point group C_2v (mm2) 
     there are  4 classes
     the character table:

       E     C2    s_v   s_v' 
A_1    1.00  1.00  1.00  1.00
A_2    1.00  1.00 -1.00 -1.00
B_1    1.00 -1.00  1.00 -1.00
B_2    1.00 -1.00 -1.00  1.00

     the symmetry operations in each class and the name of the first element:

     E        1
                                                                 
     C2       2
                                                                 
     s_v      3
                                                                 
     s_v'     4
                                                                 

     Band symmetry, C_2v (mm2)  point group:

     e(  1 -  1) =    -70.45587  eV     1   --> A_1  D_1  S_1  
     e(  2 -  2) =    -35.80361  eV     1   --> B_1  D_3  S_3  
     e(  3 -  3) =    -35.76901  eV     1   --> A_1  D_1  S_1  
     e(  4 -  4) =    -35.65659  eV     1   --> B_2  D_4  S_4  
     e(  5 -  5) =     14.44734  eV     1   --> B_2  D_4  S_4  
     e(  6 -  6) =     14.46212  eV     1   --> A_1  D_1  S_1  
     e(  7 -  7) =     15.37093  eV     1   --> B_1  D_3  S_3  
     e(  8 -  8) =     16.49172  eV     1   --> A_2  D_2  S_2  
     e(  9 -  9) =     16.51279  eV     1   --> A_1  D_1  S_1  
     e( 10 - 10) =     25.56252  eV     1   --> B_1  D_3  S_3  
     e( 11 - 11) =     26.74295  eV     1   --> A_1  D_1  S_1  
     e( 12 - 12) =     30.25126  eV     1   --> B_2  D_4  S_4  

 **************************************************************************

 **************************************************************************

                    xk=(   0.00000,   0.00000,   0.62500  )

     point group C_4v (4mm) 
     there are  5 classes
     the character table:

       E     2C4   C2    2s_v  2s_d 
A_1    1.00  1.00  1.00  1.00  1.00
A_2    1.00  1.00  1.00 -1.00 -1.00
B_1    1.00 -1.00  1.00  1.00 -1.00
B_2    1.00 -1.00  1.00 -1.00  1.00
E      2.00  0.00 -2.00  0.00  0.00

     the symmetry operations in each class and the name of the first element:

     E        1
                                                                 
     2C4      3    4
                                                                 
     C2       2
                                                                 
     2s_v     5    6
                                                                 
     2s_d     7    8
                                                                 

     Band symmetry, C_4v (4mm)  point group:

     e(  1 -  1) =    -70.46131  eV     1   --> A_1  G_1 D_1   
     e(  2 -  2) =    -35.84072  eV     1   --> A_1  G_1 D_1   
     e(  3 -  4) =    -35.75260  eV     2   --> E    G_5 D_5   
     e(  5 -  5) =     13.85243  eV     1   --> A_1  G_1 D_1   
     e(  6 -  6) =     13.86672  eV     1   --> B_1  G_3 D_2   
     e(  7 -  8) =     16.29505  eV     2   --> E    G_5 D_5   
     e(  9 -  9) =     16.87477  eV     1   --> B_2  G_4 D_2'  
     e( 10 - 10) =     20.59897  eV     1   --> A_1  G_1 D_1   
     e( 11 - 11) =     33.50290  eV     1   --> B_1  G_3 D_2   
     e( 12 - 12) =     34.84554  eV     1   -->   ?

 **************************************************************************

 **************************************************************************

                    xk=(   0.00000,  -0.12500,   0.75000  )

     point group C_s (m)    
     there are  2 classes
     the character table:

       E     s    
A'     1.00  1.00
A''    1.00 -1.00

     the symmetry operations in each class and the name of the first element:

     E        1
                                                                 
     s        2
                                                                 

     Band symmetry, C_s (m)     point group:

     e(  1 -  1) =    -70.42629  eV     1   --> A'             
     e(  2 -  2) =    -35.86911  eV     1   --> A'             
     e(  3 -  3) =    -35.81901  eV     1   --> A''            
     e(  4 -  4) =    -35.72644  eV     1   --> A'             
     e(  5 -  5) =     13.38851  eV     1   --> A'             
     e(  6 -  6) =     13.60129  eV     1   --> A'             
     e(  7 -  7) =     16.41067  eV     1   --> A''            
     e(  8 -  8) =     16.68611  eV     1   --> A'             
     e(  9 -  9) =     17.53584  eV     1   --> A''            
     e( 10 - 10) =     24.55931  eV     1   --> A'             
     e( 11 - 11) =     29.51058  eV     1   --> A'             
     e( 12 - 12) =     33.24491  eV     1   --> A''            

 **************************************************************************

 **************************************************************************

                    xk=(  -0.12500,   0.87500,  -0.12500  )

     point group C_3v (3m)  
     there are  3 classes
     the character table:

       E     2C3   3s_v 
A_1    1.00  1.00  1.00
A_2    1.00  1.00 -1.00
E      2.00 -1.00  0.00

     the symmetry operations in each class and the name of the first element:

     E        1
                                                                 
     2C3      2    3
                                                                 
     3s_v     4    5    6
                                                                 

     Band symmetry, C_3v (3m)   point group:

     e(  1 -  1) =    -70.41146  eV     1   --> A_1  L_1       
     e(  2 -  3) =    -35.83692  eV     2   --> E    L_3       
     e(  4 -  4) =    -35.75415  eV     1   --> A_1  L_1       
     e(  5 -  6) =     13.24894  eV     2   --> E    L_3       
     e(  7 -  7) =     16.52508  eV     1   --> A_1  L_1       
     e(  8 -  9) =     17.42106  eV     2   --> E    L_3       
     e( 10 - 11) =     28.53090  eV     2   --> E    L_3       
     e( 12 - 12) =     29.43172  eV     1   --> A_1  L_1       

 **************************************************************************

 **************************************************************************

                    xk=(   0.00000,   0.00000,   0.87500  )

     point group C_4v (4mm) 
     there are  5 classes
     the character table:

       E     2C4   C2    2s_v  2s_d 
A_1    1.00  1.00  1.00  1.00  1.00
A_2    1.00  1.00  1.00 -1.00 -1.00
B_1    1.00 -1.00  1.00  1.00 -1.00
B_2    1.00 -1.00  1.00 -1.00  1.00
E      2.00  0.00 -2.00  0.00  0.00

     the symmetry operations in each class and the name of the first element:

     E        1
                                                                 
     2C4      3    4
                                                                 
     C2       2
                                                                 
     2s_v     5    6
                                                                 
     2s_d     7    8
                                                                 

     Band symmetry, C_4v (4mm)  point group:

     e(  1 -  1) =    -70.43252  eV     1   --> A_1  G_1 D_1   
     e(  2 -  2) =    -35.90706  eV     1   --> A_1  G_1 D_1   
     e(  3 -  4) =    -35.85649  eV     2   --> E    G_5 D_5   
     e(  5 -  5) =     12.93154  eV     1   --> B_1  G_3 D_2   
     e(  6 -  6) =     12.97938  eV     1   --> A_1  G_1 D_1   
     e(  7 -  8) =     17.37242  eV     2   --> E    G_5 D_5   
     e(  9 -  9) =     17.50412  eV     1   --> B_2  G_4 D_2'  
     e( 10 - 10) =     27.93111  eV     1   --> A_1  G_1 D_1   
     e( 11 - 12) =     31.50271  eV     2   --> E    G_5 D_5   

 **************************************************************************
 
     BANDS        :      0.65s CPU      0.67s WALL

 
   This run was terminated on:  15:53:28  27Oct2023            

=------------------------------------------------------------------------------=
   JOB DONE.
=------------------------------------------------------------------------------=
