
     Program BANDS v.7.0 starts on 27Oct2023 at 15:53:28 

     This program is part of the open-source Quantum ESPRESSO suite
     for quantum simulation of materials; please cite
         "P. Giannozzi et al., J. Phys.:Condens. Matter 21 395502 (2009);
         "P. Giannozzi et al., J. Phys.:Condens. Matter 29 465901 (2017);
         "P. Giannozzi et al., J. Chem. Phys. 152 154105 (2020);
          URL http://www.quantum-espresso.org", 
     in publications or presentations arising from this work. More details at
     http://www.quantum-espresso.org/quote

     Parallel version (MPI), running on     1 processors

     MPI processes distributed on     1 nodes
     13238 MiB available memory on the printing compute node when the environment starts
 

     Reading xml data from directory:

     ./tmp/fe.save/
     file Fe.pbe-spn-kjpaw_psl.0.2.1.UPF: wavefunction(s)  3D renormalized

     IMPORTANT: XC functional enforced from input :
     Exchange-correlation= PBE
                           (   1   4   3   4   0   0   0)
     Any further DFT definition will be discarded
     Please, verify this is what you really want

 
     G-vector sticks info
     --------------------
     sticks:   dense  smooth     PW     G-vecs:    dense   smooth      PW
     Sum         333     169     63                 3805     1409     321
 
     Using Slab Decomposition
 

     Check: negative core charge=   -0.000936

     negative rho (up, down):  0.000E+00 4.411E-04
     Reading collected, re-writing distributed wavefunctions
     high-symmetry point:  0.0000 0.0000 0.1250   x coordinate   0.0000
     high-symmetry point:  0.0000-0.3750 0.5000   x coordinate   0.5303
     high-symmetry point: -0.1250 0.1250 0.1250   x coordinate   1.1677
     high-symmetry point: -0.1250-0.2500 0.5000   x coordinate   1.6980
     high-symmetry point: -0.1250 0.6250-0.3750   x coordinate   1.6980
     high-symmetry point: -0.2500 0.2500 0.1250   x coordinate   2.3354
     high-symmetry point: -0.2500 0.7500-0.3750   x coordinate   3.0425
     high-symmetry point: -0.3750 0.3750 0.1250   x coordinate   3.6799
     high-symmetry point: -0.3750 0.2500 0.2500   x coordinate   3.8567
     high-symmetry point:  0.5000-0.5000 0.1250   x coordinate   3.8567
     high-symmetry point:  0.5000-0.6250 0.2500   x coordinate   4.0335
     high-symmetry point:  0.3750-0.6250 0.3750   x coordinate   4.2102
     high-symmetry point:  0.0000 0.0000 0.3750   x coordinate   4.9391
     high-symmetry point:  0.0000-0.2500 0.6250   x coordinate   5.2927
     high-symmetry point: -0.1250-0.1250 0.6250   x coordinate   5.4694
     high-symmetry point: -0.1250 0.7500-0.2500   x coordinate   5.4694
     high-symmetry point:  0.6250-0.6250 0.3750   x coordinate   5.4694
     high-symmetry point:  0.5000-0.5000 0.3750   x coordinate   5.6462
     high-symmetry point:  0.0000 0.0000 0.6250   x coordinate   6.3962
     high-symmetry point:  0.0000-0.1250 0.7500   x coordinate   6.5730
     high-symmetry point: -0.1250 0.8750-0.1250   x coordinate   6.5730
     high-symmetry point:  0.0000 0.0000 0.8750   x coordinate   6.5730

     Plottable bands (eV) written to file fe_bands_dn.dat.gnu
     Bands written to file fe_bands_dn.dat

 **************************************************************************

                    xk=(   0.00000,   0.00000,   0.12500  )

     point group C_4v (4mm) 
     there are  5 classes
     the character table:

       E     2C4   C2    2s_v  2s_d 
A_1    1.00  1.00  1.00  1.00  1.00
A_2    1.00  1.00  1.00 -1.00 -1.00
B_1    1.00 -1.00  1.00  1.00 -1.00
B_2    1.00 -1.00  1.00 -1.00  1.00
E      2.00  0.00 -2.00  0.00  0.00

     the symmetry operations in each class and the name of the first element:

     E        1
                                                                 
     2C4      3    4
                                                                 
     C2       2
                                                                 
     2s_v     5    6
                                                                 
     2s_d     7    8
                                                                 

     Band symmetry, C_4v (4mm)  point group:

     e(  1 -  1) =    -67.69809  eV     1   --> A_1  G_1 D_1   
     e(  2 -  3) =    -32.82716  eV     2   --> E    G_5 D_5   
     e(  4 -  4) =    -32.72495  eV     1   --> A_1  G_1 D_1   
     e(  5 -  5) =     10.58648  eV     1   --> A_1  G_1 D_1   
     e(  6 -  7) =     17.35773  eV     2   --> E    G_5 D_5   
     e(  8 -  8) =     17.44703  eV     1   --> B_2  G_4 D_2'  
     e(  9 -  9) =     19.36011  eV     1   --> B_1  G_3 D_2   
     e( 10 - 10) =     19.61807  eV     1   --> A_1  G_1 D_1   
     e( 11 - 11) =     40.37391  eV     1   --> B_1  G_3 D_2   
     e( 12 - 12) =     41.72952  eV     1   -->   ?

 **************************************************************************

 **************************************************************************

                    xk=(   0.00000,  -0.12500,   0.25000  )

     point group C_s (m)    
     there are  2 classes
     the character table:

       E     s    
A'     1.00  1.00
A''    1.00 -1.00

     the symmetry operations in each class and the name of the first element:

     E        1
                                                                 
     s        2
                                                                 

     Band symmetry, C_s (m)     point group:

     e(  1 -  1) =    -67.67999  eV     1   --> A'             
     e(  2 -  2) =    -32.93858  eV     1   --> A'             
     e(  3 -  3) =    -32.81042  eV     1   --> A'             
     e(  4 -  4) =    -32.80022  eV     1   --> A''            
     e(  5 -  5) =     11.97274  eV     1   --> A'             
     e(  6 -  6) =     17.04916  eV     1   --> A''            
     e(  7 -  7) =     17.31433  eV     1   --> A'             
     e(  8 -  8) =     18.11549  eV     1   --> A''            
     e(  9 -  9) =     18.99379  eV     1   --> A'             
     e( 10 - 10) =     19.72091  eV     1   --> A'             
     e( 11 - 11) =     37.13422  eV     1   --> A'             
     e( 12 - 12) =     40.16777  eV     1   --> A'             

 **************************************************************************

 **************************************************************************

                    xk=(   0.00000,  -0.25000,   0.37500  )

     Band symmetry, C_s (m)     point group:

     e(  1 -  1) =    -67.65773  eV     1   --> A'             
     e(  2 -  2) =    -33.12579  eV     1   --> A'             
     e(  3 -  3) =    -32.87023  eV     1   --> A''            
     e(  4 -  4) =    -32.82328  eV     1   --> A'             
     e(  5 -  5) =     13.87969  eV     1   --> A'             
     e(  6 -  6) =     16.60001  eV     1   --> A''            
     e(  7 -  7) =     17.54319  eV     1   --> A'             
     e(  8 -  8) =     19.00708  eV     1   --> A'             
     e(  9 -  9) =     19.17855  eV     1   --> A''            
     e( 10 - 10) =     19.88214  eV     1   --> A'             
     e( 11 - 11) =     32.48061  eV     1   --> A'             
     e( 12 - 12) =     38.12310  eV     1   --> A'             

 **************************************************************************

 **************************************************************************

                    xk=(   0.00000,  -0.37500,   0.50000  )

     Band symmetry, C_s (m)     point group:

     e(  1 -  1) =    -67.62714  eV     1   --> A'             
     e(  2 -  2) =    -33.17031  eV     1   --> A'             
     e(  3 -  3) =    -32.95177  eV     1   --> A''            
     e(  4 -  4) =    -32.82747  eV     1   --> A'             
     e(  5 -  5) =     14.53243  eV     1   --> A'             
     e(  6 -  6) =     16.30078  eV     1   --> A''            
     e(  7 -  7) =     18.84666  eV     1   --> A'             
     e(  8 -  8) =     19.24058  eV     1   --> A'             
     e(  9 -  9) =     20.01677  eV     1   --> A''            
     e( 10 - 10) =     21.04749  eV     1   --> A'             
     e( 11 - 11) =     27.84119  eV     1   --> A'             
     e( 12 - 12) =     36.89165  eV     1   --> A'             

 **************************************************************************

 **************************************************************************

                    xk=(  -0.12500,   0.12500,   0.12500  )

     point group C_3v (3m)  
     there are  3 classes
     the character table:

       E     2C3   3s_v 
A_1    1.00  1.00  1.00
A_2    1.00  1.00 -1.00
E      2.00 -1.00  0.00

     the symmetry operations in each class and the name of the first element:

     E        1
                                                                 
     2C3      2    3
                                                                 
     3s_v     4    5    6
                                                                 

     Band symmetry, C_3v (3m)   point group:

     e(  1 -  1) =    -67.70561  eV     1   --> A_1  L_1       
     e(  2 -  2) =    -32.89912  eV     1   --> A_1  L_1       
     e(  3 -  4) =    -32.81972  eV     2   --> E    L_3       
     e(  5 -  5) =     11.29958  eV     1   --> A_1  L_1       
     e(  6 -  7) =     17.13428  eV     2   --> E    L_3       
     e(  8 -  8) =     18.00517  eV     1   --> A_1  L_1       
     e(  9 - 10) =     19.44117  eV     2   --> E    L_3       
     e( 11 - 12) =     39.10911  eV     2   --> E    L_3       

 **************************************************************************

 **************************************************************************

                    xk=(  -0.12500,  -0.12500,   0.37500  )

     point group C_s (m)    
     there are  2 classes
     the character table:

       E     s    
A'     1.00  1.00
A''    1.00 -1.00

     the symmetry operations in each class and the name of the first element:

     E        1
                                                                 
     s        2
                                                                 

     Band symmetry, C_s (m)     point group:

     e(  1 -  1) =    -67.65287  eV     1   --> A'             
     e(  2 -  2) =    -33.03086  eV     1   --> A'             
     e(  3 -  3) =    -32.89662  eV     1   --> A''            
     e(  4 -  4) =    -32.80380  eV     1   --> A'             
     e(  5 -  5) =     13.65916  eV     1   --> A'             
     e(  6 -  6) =     16.96798  eV     1   --> A''            
     e(  7 -  7) =     17.03238  eV     1   --> A'             
     e(  8 -  8) =     18.67502  eV     1   --> A''            
     e(  9 -  9) =     18.98659  eV     1   --> A'             
     e( 10 - 10) =     20.00388  eV     1   --> A'             
     e( 11 - 11) =     34.86743  eV     1   --> A''            
     e( 12 - 12) =     36.52189  eV     1   --> A'             

 **************************************************************************

 **************************************************************************

                    xk=(  -0.12500,  -0.25000,   0.50000  )

     point group C_1 (1)    
     there are  1 classes
     the character table:

       E    
A      1.00

     the symmetry operations in each class and the name of the first element:

     E        1
                                                                 

     Band symmetry, C_1 (1)     point group:

     e(  1 -  1) =    -67.64388  eV     1   --> A              
     e(  2 -  2) =    -33.20704  eV     1   --> A              
     e(  3 -  3) =    -32.92810  eV     1   --> A              
     e(  4 -  4) =    -32.86205  eV     1   --> A              
     e(  5 -  5) =     14.98831  eV     1   --> A              
     e(  6 -  6) =     16.57854  eV     1   --> A              
     e(  7 -  7) =     17.36580  eV     1   --> A              
     e(  8 -  8) =     18.89612  eV     1   --> A              
     e(  9 -  9) =     19.67232  eV     1   --> A              
     e( 10 - 10) =     21.30532  eV     1   --> A              
     e( 11 - 11) =     30.55704  eV     1   --> A              
     e( 12 - 12) =     34.30375  eV     1   --> A              

 **************************************************************************

 **************************************************************************

                    xk=(  -0.12500,   0.62500,  -0.37500  )

     point group C_s (m)    
     there are  2 classes
     the character table:

       E     s    
A'     1.00  1.00
A''    1.00 -1.00

     the symmetry operations in each class and the name of the first element:

     E        1
                                                                 
     s        2
                                                                 

     Band symmetry, C_s (m)     point group:

     e(  1 -  1) =    -67.63198  eV     1   --> A'             
     e(  2 -  2) =    -33.18458  eV     1   --> A''            
     e(  3 -  3) =    -33.01207  eV     1   --> A'             
     e(  4 -  4) =    -32.87689  eV     1   --> A'             
     e(  5 -  5) =     15.11094  eV     1   --> A'             
     e(  6 -  6) =     16.47752  eV     1   --> A'             
     e(  7 -  7) =     17.84694  eV     1   --> A''            
     e(  8 -  8) =     19.04629  eV     1   --> A'             
     e(  9 -  9) =     19.88516  eV     1   --> A''            
     e( 10 - 10) =     23.68557  eV     1   --> A''            
     e( 11 - 11) =     26.92957  eV     1   --> A'             
     e( 12 - 12) =     33.71539  eV     1   --> A'             

 **************************************************************************

 **************************************************************************

                    xk=(  -0.25000,   0.25000,   0.12500  )

     Band symmetry, C_s (m)     point group:

     e(  1 -  1) =    -67.66255  eV     1   --> A'             
     e(  2 -  2) =    -33.03310  eV     1   --> A'             
     e(  3 -  3) =    -32.83314  eV     1   --> A'             
     e(  4 -  4) =    -32.79628  eV     1   --> A''            
     e(  5 -  5) =     13.12992  eV     1   --> A'             
     e(  6 -  6) =     16.67354  eV     1   --> A''            
     e(  7 -  7) =     16.97014  eV     1   --> A'             
     e(  8 -  8) =     19.08146  eV     1   --> A'             
     e(  9 -  9) =     19.26125  eV     1   --> A'             
     e( 10 - 10) =     19.59758  eV     1   --> A''            
     e( 11 - 11) =     34.96834  eV     1   --> A'             
     e( 12 - 12) =     37.40489  eV     1   --> A''            

 **************************************************************************

 **************************************************************************

                    xk=(  -0.25000,   0.75000,  -0.37500  )

     Band symmetry, C_s (m)     point group:

     e(  1 -  1) =    -67.60828  eV     1   --> A'             
     e(  2 -  2) =    -33.10042  eV     1   --> A'             
     e(  3 -  3) =    -33.02612  eV     1   --> A''            
     e(  4 -  4) =    -32.87278  eV     1   --> A'             
     e(  5 -  5) =     15.82645  eV     1   --> A'             
     e(  6 -  6) =     16.46953  eV     1   --> A''            
     e(  7 -  7) =     17.05248  eV     1   --> A'             
     e(  8 -  8) =     19.15018  eV     1   --> A''            
     e(  9 -  9) =     19.61228  eV     1   --> A'             
     e( 10 - 10) =     24.72241  eV     1   --> A'             
     e( 11 - 11) =     29.07510  eV     1   --> A''            
     e( 12 - 12) =     29.77790  eV     1   --> A'             

 **************************************************************************

 **************************************************************************

                    xk=(  -0.37500,   0.37500,   0.12500  )

     Band symmetry, C_s (m)     point group:

     e(  1 -  1) =    -67.65438  eV     1   --> A'             
     e(  2 -  2) =    -33.21433  eV     1   --> A'             
     e(  3 -  3) =    -32.92321  eV     1   --> A'             
     e(  4 -  4) =    -32.82258  eV     1   --> A''            
     e(  5 -  5) =     14.54257  eV     1   --> A'             
     e(  6 -  6) =     16.27229  eV     1   --> A''            
     e(  7 -  7) =     17.85040  eV     1   --> A'             
     e(  8 -  8) =     19.32738  eV     1   --> A'             
     e(  9 -  9) =     19.73574  eV     1   --> A''            
     e( 10 - 10) =     20.54889  eV     1   --> A'             
     e( 11 - 11) =     30.07561  eV     1   --> A'             
     e( 12 - 12) =     36.01153  eV     1   --> A''            

 **************************************************************************

 **************************************************************************

                    xk=(  -0.37500,   0.25000,   0.25000  )

     Band symmetry, C_s (m)     point group:

     e(  1 -  1) =    -67.66009  eV     1   --> A'             
     e(  2 -  2) =    -33.19324  eV     1   --> A'             
     e(  3 -  3) =    -32.89753  eV     1   --> A''            
     e(  4 -  4) =    -32.85098  eV     1   --> A'             
     e(  5 -  5) =     14.86797  eV     1   --> A'             
     e(  6 -  6) =     16.45639  eV     1   --> A''            
     e(  7 -  7) =     16.57799  eV     1   --> A'             
     e(  8 -  8) =     19.32936  eV     1   --> A''            
     e(  9 -  9) =     19.70580  eV     1   --> A'             
     e( 10 - 10) =     20.75392  eV     1   --> A'             
     e( 11 - 11) =     32.78816  eV     1   --> A''            
     e( 12 - 12) =     33.74478  eV     1   --> A'             

 **************************************************************************

 **************************************************************************

                    xk=(   0.50000,  -0.50000,   0.12500  )

     point group C_2v (mm2) 
     there are  4 classes
     the character table:

       E     C2    s_v   s_v' 
A_1    1.00  1.00  1.00  1.00
A_2    1.00  1.00 -1.00 -1.00
B_1    1.00 -1.00  1.00 -1.00
B_2    1.00 -1.00 -1.00  1.00

     the symmetry operations in each class and the name of the first element:

     E        1
                                                                 
     C2       2
                                                                 
     s_v      3
                                                                 
     s_v'     4
                                                                 

     Band symmetry, C_2v (mm2)  point group:

     e(  1 -  1) =    -67.64042  eV     1   --> A_1  D_1  S_1  
     e(  2 -  2) =    -33.18343  eV     1   --> B_1  D_3  S_3  
     e(  3 -  3) =    -32.97888  eV     1   --> A_1  D_1  S_1  
     e(  4 -  4) =    -32.88895  eV     1   --> B_2  D_4  S_4  
     e(  5 -  5) =     14.67701  eV     1   --> A_1  D_1  S_1  
     e(  6 -  6) =     16.11901  eV     1   --> B_2  D_4  S_4  
     e(  7 -  7) =     18.98875  eV     1   --> B_1  D_3  S_3  
     e(  8 -  8) =     19.38747  eV     1   --> A_1  D_1  S_1  
     e(  9 -  9) =     19.79615  eV     1   --> A_2  D_2  S_2  
     e( 10 - 10) =     22.30448  eV     1   --> B_1  D_3  S_3  
     e( 11 - 11) =     26.78481  eV     1   --> A_1  D_1  S_1  
     e( 12 - 12) =     35.43543  eV     1   --> B_2  D_4  S_4  

 **************************************************************************

 **************************************************************************

                    xk=(   0.50000,  -0.62500,   0.25000  )

     point group C_1 (1)    
     there are  1 classes
     the character table:

       E    
A      1.00

     the symmetry operations in each class and the name of the first element:

     E        1
                                                                 

     Band symmetry, C_1 (1)     point group:

     e(  1 -  1) =    -67.62653  eV     1   --> A              
     e(  2 -  2) =    -33.14111  eV     1   --> A              
     e(  3 -  3) =    -32.96494  eV     1   --> A              
     e(  4 -  4) =    -32.87082  eV     1   --> A              
     e(  5 -  5) =     15.41008  eV     1   --> A              
     e(  6 -  6) =     16.22053  eV     1   --> A              
     e(  7 -  7) =     17.46062  eV     1   --> A              
     e(  8 -  8) =     19.45570  eV     1   --> A              
     e(  9 -  9) =     19.77097  eV     1   --> A              
     e( 10 - 10) =     23.44768  eV     1   --> A              
     e( 11 - 11) =     28.42967  eV     1   --> A              
     e( 12 - 12) =     32.27327  eV     1   --> A              

 **************************************************************************

 **************************************************************************

                    xk=(   0.37500,  -0.62500,   0.37500  )

     point group C_3v (3m)  
     there are  3 classes
     the character table:

       E     2C3   3s_v 
A_1    1.00  1.00  1.00
A_2    1.00  1.00 -1.00
E      2.00 -1.00  0.00

     the symmetry operations in each class and the name of the first element:

     E        1
                                                                 
     2C3      2    3
                                                                 
     3s_v     4    5    6
                                                                 

     Band symmetry, C_3v (3m)   point group:

     e(  1 -  1) =    -67.59213  eV     1   --> A_1  L_1       
     e(  2 -  3) =    -32.99894  eV     2   --> E    L_3       
     e(  4 -  4) =    -32.88505  eV     1   --> A_1  L_1       
     e(  5 -  5) =     15.71780  eV     1   --> A_1  L_1       
     e(  6 -  7) =     16.79964  eV     2   --> E    L_3       
     e(  8 -  9) =     19.63556  eV     2   --> E    L_3       
     e( 10 - 11) =     27.11589  eV     2   --> E    L_3       
     e( 12 - 12) =     28.78973  eV     1   --> A_1  L_1       

 **************************************************************************

 **************************************************************************

                    xk=(   0.00000,   0.00000,   0.37500  )

     point group C_4v (4mm) 
     there are  5 classes
     the character table:

       E     2C4   C2    2s_v  2s_d 
A_1    1.00  1.00  1.00  1.00  1.00
A_2    1.00  1.00  1.00 -1.00 -1.00
B_1    1.00 -1.00  1.00  1.00 -1.00
B_2    1.00 -1.00  1.00 -1.00  1.00
E      2.00  0.00 -2.00  0.00  0.00

     the symmetry operations in each class and the name of the first element:

     E        1
                                                                 
     2C4      3    4
                                                                 
     C2       2
                                                                 
     2s_v     5    6
                                                                 
     2s_d     7    8
                                                                 

     Band symmetry, C_4v (4mm)  point group:

     e(  1 -  1) =    -67.64123  eV     1   --> A_1  G_1 D_1   
     e(  2 -  2) =    -32.96040  eV     1   --> A_1  G_1 D_1   
     e(  3 -  4) =    -32.81892  eV     2   --> E    G_5 D_5   
     e(  5 -  5) =     13.22481  eV     1   --> A_1  G_1 D_1   
     e(  6 -  7) =     17.51285  eV     2   --> E    G_5 D_5   
     e(  8 -  8) =     18.07890  eV     1   --> B_1  G_3 D_2   
     e(  9 -  9) =     18.10992  eV     1   --> B_2  G_4 D_2'  
     e( 10 - 10) =     20.07634  eV     1   --> A_1  G_1 D_1   
     e( 11 - 11) =     36.55673  eV     1   --> B_1  G_3 D_2   
     e( 12 - 12) =     39.43960  eV     1   -->   ?

 **************************************************************************

 **************************************************************************

                    xk=(   0.00000,  -0.12500,   0.50000  )

     point group C_s (m)    
     there are  2 classes
     the character table:

       E     s    
A'     1.00  1.00
A''    1.00 -1.00

     the symmetry operations in each class and the name of the first element:

     E        1
                                                                 
     s        2
                                                                 

     Band symmetry, C_s (m)     point group:

     e(  1 -  1) =    -67.63766  eV     1   --> A'             
     e(  2 -  2) =    -33.10950  eV     1   --> A'             
     e(  3 -  3) =    -32.90978  eV     1   --> A''            
     e(  4 -  4) =    -32.90594  eV     1   --> A'             
     e(  5 -  5) =     14.84228  eV     1   --> A'             
     e(  6 -  6) =     17.03257  eV     1   --> A'             
     e(  7 -  7) =     17.34988  eV     1   --> A''            
     e(  8 -  8) =     18.26561  eV     1   --> A'             
     e(  9 -  9) =     19.05273  eV     1   --> A''            
     e( 10 - 10) =     20.72405  eV     1   --> A'             
     e( 11 - 11) =     33.41775  eV     1   --> A'             
     e( 12 - 12) =     36.86186  eV     1   --> A'             

 **************************************************************************

 **************************************************************************

                    xk=(   0.00000,  -0.25000,   0.62500  )

     Band symmetry, C_s (m)     point group:

     e(  1 -  1) =    -67.62371  eV     1   --> A'             
     e(  2 -  2) =    -33.18534  eV     1   --> A'             
     e(  3 -  3) =    -33.00718  eV     1   --> A''            
     e(  4 -  4) =    -32.90349  eV     1   --> A'             
     e(  5 -  5) =     15.33614  eV     1   --> A'             
     e(  6 -  6) =     17.05467  eV     1   --> A'             
     e(  7 -  7) =     17.12778  eV     1   --> A''            
     e(  8 -  8) =     18.58355  eV     1   --> A'             
     e(  9 -  9) =     19.93044  eV     1   --> A''            
     e( 10 - 10) =     23.25980  eV     1   --> A'             
     e( 11 - 11) =     28.51025  eV     1   --> A'             
     e( 12 - 12) =     35.89501  eV     1   --> A'             

 **************************************************************************

 **************************************************************************

                    xk=(  -0.12500,  -0.12500,   0.62500  )

     Band symmetry, C_s (m)     point group:

     e(  1 -  1) =    -67.61574  eV     1   --> A'             
     e(  2 -  2) =    -33.15889  eV     1   --> A'             
     e(  3 -  3) =    -33.00818  eV     1   --> A''            
     e(  4 -  4) =    -32.91309  eV     1   --> A'             
     e(  5 -  5) =     15.78856  eV     1   --> A'             
     e(  6 -  6) =     16.31621  eV     1   --> A''            
     e(  7 -  7) =     17.50604  eV     1   --> A'             
     e(  8 -  8) =     18.60481  eV     1   --> A''            
     e(  9 -  9) =     19.55711  eV     1   --> A'             
     e( 10 - 10) =     22.91347  eV     1   --> A'             
     e( 11 - 11) =     31.76947  eV     1   --> A''            
     e( 12 - 12) =     32.30137  eV     1   --> A'             

 **************************************************************************

 **************************************************************************

                    xk=(  -0.12500,   0.75000,  -0.25000  )

     Band symmetry, C_s (m)     point group:

     e(  1 -  1) =    -67.56354  eV     1   --> A'             
     e(  2 -  2) =    -33.05944  eV     1   --> A''            
     e(  3 -  3) =    -33.00092  eV     1   --> A'             
     e(  4 -  4) =    -32.86917  eV     1   --> A'             
     e(  5 -  5) =     15.84637  eV     1   --> A'             
     e(  6 -  6) =     16.42670  eV     1   --> A''            
     e(  7 -  7) =     17.20772  eV     1   --> A'             
     e(  8 -  8) =     18.94942  eV     1   --> A'             
     e(  9 -  9) =     19.80255  eV     1   --> A''            
     e( 10 - 10) =     26.41655  eV     1   --> A''            
     e( 11 - 11) =     27.75739  eV     1   --> A'             
     e( 12 - 12) =     31.50824  eV     1   --> A'             

 **************************************************************************

 **************************************************************************

                    xk=(   0.62500,  -0.62500,   0.37500  )

     point group C_3v (3m)  
     there are  3 classes
     the character table:

       E     2C3   3s_v 
A_1    1.00  1.00  1.00
A_2    1.00  1.00 -1.00
E      2.00 -1.00  0.00

     the symmetry operations in each class and the name of the first element:

     E        1
                                                                 
     2C3      2    3
                                                                 
     3s_v     4    5    6
                                                                 

     Band symmetry, C_3v (3m)   point group:

     e(  1 -  1) =    -67.61917  eV     1   --> A_1  L_1       
     e(  2 -  2) =    -33.10030  eV     1   --> A_1  L_1       
     e(  3 -  4) =    -32.90194  eV     2   --> E    L_3       
     e(  5 -  6) =     16.20684  eV     2   --> E    L_3       
     e(  7 -  7) =     16.35466  eV     1   --> A_1  L_1       
     e(  8 -  9) =     19.71497  eV     2   --> E    L_3       
     e( 10 - 10) =     23.31646  eV     1   --> A_1  L_1       
     e( 11 - 12) =     31.33668  eV     2   --> E    L_3       

 **************************************************************************

 **************************************************************************

                    xk=(   0.50000,  -0.50000,   0.37500  )

     point group C_2v (mm2) 
     there are  4 classes
     the character table:

       E     C2    s_v   s_v' 
A_1    1.00  1.00  1.00  1.00
A_2    1.00  1.00 -1.00 -1.00
B_1    1.00 -1.00  1.00 -1.00
B_2    1.00 -1.00 -1.00  1.00

     the symmetry operations in each class and the name of the first element:

     E        1
                                                                 
     C2       2
                                                                 
     s_v      3
                                                                 
     s_v'     4
                                                                 

     Band symmetry, C_2v (mm2)  point group:

     e(  1 -  1) =    -67.60127  eV     1   --> A_1  D_1  S_1  
     e(  2 -  2) =    -33.03655  eV     1   --> B_1  D_3  S_3  
     e(  3 -  3) =    -32.98750  eV     1   --> A_1  D_1  S_1  
     e(  4 -  4) =    -32.86904  eV     1   --> B_2  D_4  S_4  
     e(  5 -  5) =     16.08825  eV     1   --> A_1  D_1  S_1  
     e(  6 -  6) =     16.14313  eV     1   --> B_2  D_4  S_4  
     e(  7 -  7) =     16.97221  eV     1   --> B_1  D_3  S_3  
     e(  8 -  8) =     19.74815  eV     1   --> A_1  D_1  S_1  
     e(  9 -  9) =     19.83078  eV     1   --> A_2  D_2  S_2  
     e( 10 - 10) =     26.31078  eV     1   --> B_1  D_3  S_3  
     e( 11 - 11) =     27.68014  eV     1   --> A_1  D_1  S_1  
     e( 12 - 12) =     30.84955  eV     1   --> B_2  D_4  S_4  

 **************************************************************************

 **************************************************************************

                    xk=(   0.00000,   0.00000,   0.62500  )

     point group C_4v (4mm) 
     there are  5 classes
     the character table:

       E     2C4   C2    2s_v  2s_d 
A_1    1.00  1.00  1.00  1.00  1.00
A_2    1.00  1.00  1.00 -1.00 -1.00
B_1    1.00 -1.00  1.00  1.00 -1.00
B_2    1.00 -1.00  1.00 -1.00  1.00
E      2.00  0.00 -2.00  0.00  0.00

     the symmetry operations in each class and the name of the first element:

     E        1
                                                                 
     2C4      3    4
                                                                 
     C2       2
                                                                 
     2s_v     5    6
                                                                 
     2s_d     7    8
                                                                 

     Band symmetry, C_4v (4mm)  point group:

     e(  1 -  1) =    -67.60371  eV     1   --> A_1  G_1 D_1   
     e(  2 -  2) =    -33.06787  eV     1   --> A_1  G_1 D_1   
     e(  3 -  4) =    -32.97061  eV     2   --> E    G_5 D_5   
     e(  5 -  5) =     15.60045  eV     1   --> A_1  G_1 D_1   
     e(  6 -  6) =     16.31067  eV     1   --> B_1  G_3 D_2   
     e(  7 -  8) =     18.34047  eV     2   --> E    G_5 D_5   
     e(  9 -  9) =     19.08028  eV     1   --> B_2  G_4 D_2'  
     e( 10 - 10) =     22.20919  eV     1   --> A_1  G_1 D_1   
     e( 11 - 11) =     34.63734  eV     1   --> B_1  G_3 D_2   
     e( 12 - 12) =     35.28584  eV     1   -->   ?

 **************************************************************************

 **************************************************************************

                    xk=(   0.00000,  -0.12500,   0.75000  )

     point group C_s (m)    
     there are  2 classes
     the character table:

       E     s    
A'     1.00  1.00
A''    1.00 -1.00

     the symmetry operations in each class and the name of the first element:

     E        1
                                                                 
     s        2
                                                                 

     Band symmetry, C_s (m)     point group:

     e(  1 -  1) =    -67.56910  eV     1   --> A'             
     e(  2 -  2) =    -33.10161  eV     1   --> A'             
     e(  3 -  3) =    -33.04161  eV     1   --> A''            
     e(  4 -  4) =    -32.94806  eV     1   --> A'             
     e(  5 -  5) =     15.60105  eV     1   --> A'             
     e(  6 -  6) =     15.79072  eV     1   --> A'             
     e(  7 -  7) =     18.48977  eV     1   --> A''            
     e(  8 -  8) =     18.81147  eV     1   --> A'             
     e(  9 -  9) =     19.81848  eV     1   --> A''            
     e( 10 - 10) =     25.60439  eV     1   --> A'             
     e( 11 - 11) =     30.33911  eV     1   --> A'             
     e( 12 - 12) =     33.61203  eV     1   --> A''            

 **************************************************************************

 **************************************************************************

                    xk=(  -0.12500,   0.87500,  -0.12500  )

     point group C_3v (3m)  
     there are  3 classes
     the character table:

       E     2C3   3s_v 
A_1    1.00  1.00  1.00
A_2    1.00  1.00 -1.00
E      2.00 -1.00  0.00

     the symmetry operations in each class and the name of the first element:

     E        1
                                                                 
     2C3      2    3
                                                                 
     3s_v     4    5    6
                                                                 

     Band symmetry, C_3v (3m)   point group:

     e(  1 -  1) =    -67.55232  eV     1   --> A_1  L_1       
     e(  2 -  3) =    -33.06774  eV     2   --> E    L_3       
     e(  4 -  4) =    -32.97589  eV     1   --> A_1  L_1       
     e(  5 -  6) =     15.46077  eV     2   --> E    L_3       
     e(  7 -  7) =     18.59201  eV     1   --> A_1  L_1       
     e(  8 -  9) =     19.67897  eV     2   --> E    L_3       
     e( 10 - 11) =     29.39334  eV     2   --> E    L_3       
     e( 12 - 12) =     29.98681  eV     1   --> A_1  L_1       

 **************************************************************************

 **************************************************************************

                    xk=(   0.00000,   0.00000,   0.87500  )

     point group C_4v (4mm) 
     there are  5 classes
     the character table:

       E     2C4   C2    2s_v  2s_d 
A_1    1.00  1.00  1.00  1.00  1.00
A_2    1.00  1.00  1.00 -1.00 -1.00
B_1    1.00 -1.00  1.00  1.00 -1.00
B_2    1.00 -1.00  1.00 -1.00  1.00
E      2.00  0.00 -2.00  0.00  0.00

     the symmetry operations in each class and the name of the first element:

     E        1
                                                                 
     2C4      3    4
                                                                 
     C2       2
                                                                 
     2s_v     5    6
                                                                 
     2s_d     7    8
                                                                 

     Band symmetry, C_4v (4mm)  point group:

     e(  1 -  1) =    -67.57254  eV     1   --> A_1  G_1 D_1   
     e(  2 -  2) =    -33.13313  eV     1   --> A_1  G_1 D_1   
     e(  3 -  4) =    -33.08323  eV     2   --> E    G_5 D_5   
     e(  5 -  5) =     15.13674  eV     1   --> B_1  G_3 D_2   
     e(  6 -  6) =     15.14799  eV     1   --> A_1  G_1 D_1   
     e(  7 -  8) =     19.61344  eV     2   --> E    G_5 D_5   
     e(  9 -  9) =     19.78597  eV     1   --> B_2  G_4 D_2'  
     e( 10 - 10) =     28.63210  eV     1   --> A_1  G_1 D_1   
     e( 11 - 12) =     31.73669  eV     2   --> E    G_5 D_5   

 **************************************************************************
 
     BANDS        :      0.67s CPU      0.68s WALL

 
   This run was terminated on:  15:53:29  27Oct2023            

=------------------------------------------------------------------------------=
   JOB DONE.
=------------------------------------------------------------------------------=
